thehive_zmworkbench_extension\laboratory_bench\items\laboratorybench\model\data\thehive_cs_lb_workbench_nohq.png
thehive_zmworkbench_extension\laboratory_bench\items\module_terminal\model\data\th_cs_lb_terminalkeyboard_co.png
thehive_zmworkbench_extension\laboratory_bench\items\module_terminal\model\data\th_cs_lb_terminalkeyboard_nohq.png
thehive_zmworkbench_extension\laboratory_bench\items\module_terminal\model\data\th_cs_lb_terminalkeyboard_smdi.png
thehive_zmworkbench_extension\laboratory_bench\items\module_terminal\model\data\th_cs_lb_terminalmonitor_lightoff.png
thehive_zmworkbench_extension\laboratory_bench\items\module_terminal\model\data\th_cs_lb_terminalmonitor_lightoff_nohq.png
thehive_zmworkbench_extension\laboratory_bench\items\module_terminal\model\data\th_cs_lb_terminalmonitor_lightoff_smdi.png
thehive_zmworkbench_extension\laboratory_bench\items\module_terminal\model\data\th_cs_lb_terminalmonitor_lighton.png
thehive_zmworkbench_extension\laboratory_bench\items\module_terminal\model\data\th_cs_lb_terminal_co.png
thehive_zmworkbench_extension\laboratory_bench\items\module_terminal\model\data\th_cs_lb_terminal_nohq.png
thehive_zmworkbench_extension\laboratory_bench\items\module_terminal\model\data\th_cs_lb_terminal_smdi.png
thehive_zmworkbench_extension\laboratory_bench\items\module_wavegenerator\model\data\th_cs_lb_wg_chassis.png
thehive_zmworkbench_extension\laboratory_bench\items\module_wavegenerator\model\data\th_cs_lb_wg_chassis_nohq.png
thehive_zmworkbench_extension\laboratory_bench\items\module_wavegenerator\model\data\th_cs_lb_wg_chassis_roughness.png
thehive_zmworkbench_extension\laboratory_bench\items\module_wavegenerator\model\data\th_cs_lb_wg_chassis_smdi.png
thehive_zmworkbench_extension\laboratory_bench\items\module_wavegenerator\model\data\th_cs_lb_wg_consolepanel.png
thehive_zmworkbench_extension\laboratory_bench\items\module_wavegenerator\model\data\th_cs_lb_wg_consolepanel_roughness.png
thehive_zmworkbench_extension\laboratory_bench\items\module_wavegenerator\model\data\th_cs_tb_wg_consolebuttons.png
thehive_zmworkbench_extension\laboratory_bench\items\module_wavegenerator\model\data\th_cs_tb_wg_consolebuttons_roughness.png
